src/components/ui/data-table.tsx(37,5): error TS6133: 'pageCount' is declared but its value is never read.
src/components/ui/data-table.tsx(38,5): error TS6133: 'pageSize' is declared but its value is never read.
src/components/ui/data-table.tsx(39,5): error TS6133: 'pageIndex' is declared but its value is never read.
src/components/ui/data-table.tsx(40,5): error TS6133: 'onPageChange' is declared but its value is never read.
src/pages/Dashboard.tsx(39,37): error TS2322: Type 'any[] | undefined' is not assignable to type 'any[]'.
  Type 'undefined' is not assignable to type 'any[]'.
